[2026-06-30T23:59:55.058Z] GET file:///C:/Users/juanc/OneDrive/Documentos/GitHub/Do-aSol/index.html → 200 (2ms, 33090B)
[2026-06-30T23:59:55.068Z] GET file:///C:/Users/juanc/OneDrive/Documentos/GitHub/Do-aSol/styles.css → 200 (5ms, 41202B)
[2026-06-30T23:59:55.068Z] GET file:///C:/Users/juanc/OneDrive/Documentos/GitHub/Do-aSol/Fotos%20Dona%20sol/Logo.JPG → 200 (5ms, 13773B)
[2026-06-30T23:59:55.068Z] GET file:///C:/Users/juanc/OneDrive/Documentos/GitHub/Do-aSol/Fotos%20Dona%20sol/Multiuso.JPG → 200 (5ms, 38878B)
[2026-06-30T23:59:55.069Z] GET file:///C:/Users/juanc/OneDrive/Documentos/GitHub/Do-aSol/Fotos%20Dona%20sol/Limpiavidrios.JPG → 200 (4ms, 22909B)
[2026-06-30T23:59:55.069Z] GET file:///C:/Users/juanc/OneDrive/Documentos/GitHub/Do-aSol/Fotos%20Dona%20sol/Lavandina.JPG → 200 (4ms, 39733B)
[2026-06-30T23:59:55.069Z] GET file:///C:/Users/juanc/OneDrive/Documentos/GitHub/Do-aSol/Fotos%20Dona%20sol/Limpiador%20liquidp.jpg → 200 (4ms, 78937B)
[2026-06-30T23:59:55.069Z] GET file:///C:/Users/juanc/OneDrive/Documentos/GitHub/Do-aSol/Fotos%20Dona%20sol/Cremoso.JPG → 200 (4ms, 22530B)
[2026-06-30T23:59:55.069Z] GET file:///C:/Users/juanc/OneDrive/Documentos/GitHub/Do-aSol/Fotos%20Dona%20sol/Alcoholengel.JPG → 200 (5ms, 21906B)
[2026-06-30T23:59:55.069Z] GET file:///C:/Users/juanc/OneDrive/Documentos/GitHub/Do-aSol/Fotos%20Dona%20sol/Desodorante.JPG → 200 (5ms, 29502B)
[2026-06-30T23:59:55.069Z] GET file:///C:/Users/juanc/OneDrive/Documentos/GitHub/Do-aSol/Fotos%20Dona%20sol/Jabon_para_manos-removebg-preview.png → 200 (6ms, 101931B)
[2026-06-30T23:59:55.069Z] GET file:///C:/Users/juanc/OneDrive/Documentos/GitHub/Do-aSol/Fotos%20Dona%20sol/Jabon%20Liquido.JPG → 200 (6ms, 38726B)
[2026-06-30T23:59:55.069Z] GET file:///C:/Users/juanc/OneDrive/Documentos/GitHub/Do-aSol/Fotos%20Dona%20sol/suavizante.jpg → 200 (6ms, 92901B)
[2026-06-30T23:59:55.069Z] GET file:///C:/Users/juanc/OneDrive/Documentos/GitHub/Do-aSol/Fotos%20Dona%20sol/Ideal.JPG → 200 (6ms, 31414B)
[2026-06-30T23:59:55.069Z] GET file:///C:/Users/juanc/OneDrive/Documentos/GitHub/Do-aSol/Fotos%20Dona%20sol/Cera.JPG → 200 (7ms, 26687B)
[2026-06-30T23:59:55.069Z] GET file:///C:/Users/juanc/OneDrive/Documentos/GitHub/Do-aSol/Fotos%20Dona%20sol/Desengrasante.JPG → 200 (7ms, 31909B)
[2026-06-30T23:59:55.069Z] GET file:///C:/Users/juanc/OneDrive/Documentos/GitHub/Do-aSol/Fotos%20Dona%20sol/Alcohol.JPG → 200 (7ms, 20887B)
[2026-06-30T23:59:55.069Z] GET file:///C:/Users/juanc/OneDrive/Documentos/GitHub/Do-aSol/Fotos%20Dona%20sol/Soda.JPG → 200 (7ms, 30741B)
[2026-06-30T23:59:55.069Z] GET file:///C:/Users/juanc/OneDrive/Documentos/GitHub/Do-aSol/Fotos%20Dona%20sol/Hipoclorito.JPG → 200 (7ms, 31183B)
[2026-06-30T23:59:55.069Z] GET file:///C:/Users/juanc/OneDrive/Documentos/GitHub/Do-aSol/Fotos%20Dona%20sol/Perfumador.JPG → 200 (7ms, 22635B)
[2026-06-30T23:59:55.069Z] GET file:///C:/Users/juanc/OneDrive/Documentos/GitHub/Do-aSol/Fotos%20Dona%20sol/Emulsion_Neumaticos-removebg-preview.png → 200 (7ms, 90432B)
[2026-06-30T23:59:55.069Z] GET file:///C:/Users/juanc/OneDrive/Documentos/GitHub/Do-aSol/Fotos%20Dona%20sol/Emulsion_plasticos-removebg-preview.png → 200 (7ms, 85633B)
[2026-06-30T23:59:55.069Z] GET file:///C:/Users/juanc/OneDrive/Documentos/GitHub/Do-aSol/Fotos%20Dona%20sol/Mulcit-removebg-preview.png → 200 (7ms, 89533B)
[2026-06-30T23:59:55.069Z] GET file:///C:/Users/juanc/OneDrive/Documentos/GitHub/Do-aSol/Fotos%20Dona%20sol/Esencia.jpg → 200 (7ms, 16804B)
[2026-06-30T23:59:55.069Z] GET file:///C:/Users/juanc/OneDrive/Documentos/GitHub/Do-aSol/Fotos%20Dona%20sol/Rejillas.JPG → 200 (7ms, 50707B)
[2026-06-30T23:59:55.070Z] GET file:///C:/Users/juanc/OneDrive/Documentos/GitHub/Do-aSol/Fotos%20Dona%20sol/Pa%C3%B1os%20de%20piso.JPG → 200 (6ms, 41857B)
[2026-06-30T23:59:55.070Z] GET file:///C:/Users/juanc/OneDrive/Documentos/GitHub/Do-aSol/Fotos%20Dona%20sol/Franelas.JPG → 200 (7ms, 34033B)
[2026-06-30T23:59:55.070Z] GET file:///C:/Users/juanc/OneDrive/Documentos/GitHub/Do-aSol/Fotos%20Dona%20sol/Guantes%20Negros.jpg → 200 (7ms, 52510B)
[2026-06-30T23:59:55.070Z] GET file:///C:/Users/juanc/OneDrive/Documentos/GitHub/Do-aSol/Fotos%20Dona%20sol/Guantes%20amarillos.jpeg → 200 (8ms, 94125B)
[2026-06-30T23:59:55.070Z] GET file:///C:/Users/juanc/OneDrive/Documentos/GitHub/Do-aSol/Fotos%20Dona%20sol/Jumbo%20200.jpg → 200 (8ms, 26057B)
[2026-06-30T23:59:55.070Z] GET file:///C:/Users/juanc/OneDrive/Documentos/GitHub/Do-aSol/Fotos%20Dona%20sol/Toalla%20Intercalada%2020x23.jpg → 200 (8ms, 4271B)
[2026-06-30T23:59:55.073Z] GET file:///C:/Users/juanc/OneDrive/Documentos/GitHub/Do-aSol/Fotos%20Dona%20sol/Servilleta%20de%20Bocadillo.jpg → 200 (5ms, 22788B)
[2026-06-30T23:59:55.073Z] GET file:///C:/Users/juanc/OneDrive/Documentos/GitHub/Do-aSol/Fotos%20Dona%20sol/Rollo%20Cocina%20200%20Hojas.webp → 200 (5ms, 11721B)
[2026-06-30T23:59:55.073Z] GET file:///C:/Users/juanc/OneDrive/Documentos/GitHub/Do-aSol/Fotos%20Dona%20sol/Servilleta%20de%20Mesa%2030x29%2C5.webp → 200 (7ms, 41731B)
[2026-06-30T23:59:55.073Z] GET file:///C:/Users/juanc/OneDrive/Documentos/GitHub/Do-aSol/Fotos%20Dona%20sol/servilletaa.jpg → 200 (7ms, 6970B)
[2026-06-30T23:59:55.073Z] GET file:///C:/Users/juanc/OneDrive/Documentos/GitHub/Do-aSol/Fotos%20Dona%20sol/Pepel%20Higenico%20Doble%20Hoja.jpg → 200 (7ms, 13745B)
[2026-06-30T23:59:55.073Z] GET file:///C:/Users/juanc/OneDrive/Documentos/GitHub/Do-aSol/Fotos%20Dona%20sol/Papel%20Higenico%20Jumbo%20500.png → 200 (9ms, 473639B)
[2026-06-30T23:59:55.073Z] GET https://cdn.jsdelivr.net/npm/motion@latest/dist/motion.js → pending (?ms, ?B)
[2026-06-30T23:59:55.073Z] GET file:///C:/Users/juanc/OneDrive/Documentos/GitHub/Do-aSol/script.js → 200 (101ms, 21253B)
[2026-07-01T00:01:10.253Z] GET file:///C:/Users/juanc/OneDrive/Documentos/GitHub/Do-aSol/catalogo.html → 200 (?ms, 37871B)
[2026-07-01T00:01:10.269Z] GET file:///C:/Users/juanc/OneDrive/Documentos/GitHub/Do-aSol/styles.css → 200 (?ms, 41202B)
[2026-07-01T00:01:10.269Z] GET file:///C:/Users/juanc/OneDrive/Documentos/GitHub/Do-aSol/Fotos%20Dona%20sol/Logo.JPG → 200 (1ms, 13773B)
[2026-07-01T00:01:10.269Z] GET file:///C:/Users/juanc/OneDrive/Documentos/GitHub/Do-aSol/Fotos%20Dona%20sol/Multiuso.JPG → 200 (2ms, 38878B)
[2026-07-01T00:01:10.269Z] GET file:///C:/Users/juanc/OneDrive/Documentos/GitHub/Do-aSol/Fotos%20Dona%20sol/Limpiavidrios.JPG → 200 (2ms, 22909B)
[2026-07-01T00:01:10.269Z] GET file:///C:/Users/juanc/OneDrive/Documentos/GitHub/Do-aSol/Fotos%20Dona%20sol/Lavandina.JPG → 200 (3ms, 39733B)
[2026-07-01T00:01:10.269Z] GET file:///C:/Users/juanc/OneDrive/Documentos/GitHub/Do-aSol/Fotos%20Dona%20sol/AmonioCuaternario.JPG → 200 (5ms, 28683B)
[2026-07-01T00:01:10.269Z] GET file:///C:/Users/juanc/OneDrive/Documentos/GitHub/Do-aSol/Fotos%20Dona%20sol/Cremoso.JPG → 200 (8ms, 22530B)
[2026-07-01T00:01:10.269Z] GET file:///C:/Users/juanc/OneDrive/Documentos/GitHub/Do-aSol/Fotos%20Dona%20sol/Alcoholengel.JPG → 200 (9ms, 21906B)
[2026-07-01T00:01:10.269Z] GET file:///C:/Users/juanc/OneDrive/Documentos/GitHub/Do-aSol/Fotos%20Dona%20sol/Desodorante.JPG → 200 (9ms, 29502B)
[2026-07-01T00:01:10.269Z] GET file:///C:/Users/juanc/OneDrive/Documentos/GitHub/Do-aSol/Fotos%20Dona%20sol/Jabon_para_manos-removebg-preview.png → 200 (10ms, 101931B)
[2026-07-01T00:01:10.269Z] GET file:///C:/Users/juanc/OneDrive/Documentos/GitHub/Do-aSol/Fotos%20Dona%20sol/Jabon%20Liquido.JPG → 200 (11ms, 38726B)
[2026-07-01T00:01:10.269Z] GET file:///C:/Users/juanc/OneDrive/Documentos/GitHub/Do-aSol/Fotos%20Dona%20sol/suavizante.jpg → 200 (11ms, 92901B)
[2026-07-01T00:01:10.269Z] GET file:///C:/Users/juanc/OneDrive/Documentos/GitHub/Do-aSol/Fotos%20Dona%20sol/Ideal.JPG → 200 (12ms, 31414B)
[2026-07-01T00:01:10.269Z] GET file:///C:/Users/juanc/OneDrive/Documentos/GitHub/Do-aSol/Fotos%20Dona%20sol/Cera.JPG → 200 (12ms, 26687B)
[2026-07-01T00:01:10.269Z] GET file:///C:/Users/juanc/OneDrive/Documentos/GitHub/Do-aSol/Fotos%20Dona%20sol/Desengrasante.JPG → 200 (15ms, 31909B)
[2026-07-01T00:01:10.269Z] GET file:///C:/Users/juanc/OneDrive/Documentos/GitHub/Do-aSol/Fotos%20Dona%20sol/Alcohol.JPG → 200 (15ms, 20887B)
[2026-07-01T00:01:10.269Z] GET file:///C:/Users/juanc/OneDrive/Documentos/GitHub/Do-aSol/Fotos%20Dona%20sol/Soda.JPG → 200 (16ms, 30741B)
[2026-07-01T00:01:10.269Z] GET file:///C:/Users/juanc/OneDrive/Documentos/GitHub/Do-aSol/Fotos%20Dona%20sol/Hipoclorito.JPG → 200 (18ms, 31183B)
[2026-07-01T00:01:10.269Z] GET file:///C:/Users/juanc/OneDrive/Documentos/GitHub/Do-aSol/Fotos%20Dona%20sol/Perfumador.JPG → 200 (18ms, 22635B)
[2026-07-01T00:01:10.269Z] GET file:///C:/Users/juanc/OneDrive/Documentos/GitHub/Do-aSol/Fotos%20Dona%20sol/Emulsion_Neumaticos-removebg-preview.png → 200 (18ms, 90432B)
[2026-07-01T00:01:10.269Z] GET file:///C:/Users/juanc/OneDrive/Documentos/GitHub/Do-aSol/Fotos%20Dona%20sol/Emulsion_plasticos-removebg-preview.png → 200 (18ms, 85633B)
[2026-07-01T00:01:10.269Z] GET file:///C:/Users/juanc/OneDrive/Documentos/GitHub/Do-aSol/Fotos%20Dona%20sol/Mulcit-removebg-preview.png → 200 (20ms, 89533B)
[2026-07-01T00:01:10.269Z] GET file:///C:/Users/juanc/OneDrive/Documentos/GitHub/Do-aSol/Fotos%20Dona%20sol/Esencia.jpg → 200 (20ms, 16804B)
[2026-07-01T00:01:10.269Z] GET file:///C:/Users/juanc/OneDrive/Documentos/GitHub/Do-aSol/Fotos%20Dona%20sol/Rejillas.JPG → 200 (22ms, 50707B)
[2026-07-01T00:01:10.269Z] GET file:///C:/Users/juanc/OneDrive/Documentos/GitHub/Do-aSol/Fotos%20Dona%20sol/Pa%C3%B1os%20de%20piso.JPG → 200 (22ms, 41857B)
[2026-07-01T00:01:10.269Z] GET file:///C:/Users/juanc/OneDrive/Documentos/GitHub/Do-aSol/Fotos%20Dona%20sol/Franelas.JPG → 200 (24ms, 34033B)
[2026-07-01T00:01:10.269Z] GET file:///C:/Users/juanc/OneDrive/Documentos/GitHub/Do-aSol/Fotos%20Dona%20sol/Guantes%20Negros.jpg → 200 (24ms, 52510B)
[2026-07-01T00:01:10.269Z] GET file:///C:/Users/juanc/OneDrive/Documentos/GitHub/Do-aSol/Fotos%20Dona%20sol/Guantes%20amarillos.jpeg → 200 (25ms, 94125B)
[2026-07-01T00:01:10.269Z] GET file:///C:/Users/juanc/OneDrive/Documentos/GitHub/Do-aSol/Fotos%20Dona%20sol/Jumbo%20200.jpg → 200 (26ms, 26057B)
[2026-07-01T00:01:10.269Z] GET file:///C:/Users/juanc/OneDrive/Documentos/GitHub/Do-aSol/Fotos%20Dona%20sol/Toalla%20Intercalada%2020x23.jpg → 200 (28ms, 4271B)
[2026-07-01T00:01:10.269Z] GET file:///C:/Users/juanc/OneDrive/Documentos/GitHub/Do-aSol/Fotos%20Dona%20sol/Servilleta%20de%20Bocadillo.jpg → 200 (28ms, 22788B)
[2026-07-01T00:01:10.269Z] GET file:///C:/Users/juanc/OneDrive/Documentos/GitHub/Do-aSol/Fotos%20Dona%20sol/Rollo%20Cocina%20200%20Hojas.webp → 200 (29ms, 11721B)
[2026-07-01T00:01:10.269Z] GET file:///C:/Users/juanc/OneDrive/Documentos/GitHub/Do-aSol/Fotos%20Dona%20sol/Servilleta%20de%20Mesa%2030x29%2C5.webp → 200 (31ms, 41731B)
[2026-07-01T00:01:10.269Z] GET file:///C:/Users/juanc/OneDrive/Documentos/GitHub/Do-aSol/Fotos%20Dona%20sol/servilletaa.jpg → 200 (31ms, 6970B)
[2026-07-01T00:01:10.269Z] GET file:///C:/Users/juanc/OneDrive/Documentos/GitHub/Do-aSol/Fotos%20Dona%20sol/Pepel%20Higenico%20Doble%20Hoja.jpg → 200 (39ms, 13745B)
[2026-07-01T00:01:10.269Z] GET file:///C:/Users/juanc/OneDrive/Documentos/GitHub/Do-aSol/Fotos%20Dona%20sol/Papel%20Higenico%20Jumbo%20500.png → 200 (39ms, 473639B)
[2026-07-01T00:01:10.269Z] GET https://www.gstatic.com/firebasejs/9.23.0/firebase-app-compat.js → 200 (194ms, 9862B)
[2026-07-01T00:01:10.269Z] GET https://www.gstatic.com/firebasejs/9.23.0/firebase-firestore-compat.js → pending (?ms, ?B)
[2026-07-01T00:01:10.269Z] GET file:///C:/Users/juanc/OneDrive/Documentos/GitHub/Do-aSol/firebase-init.js → 200 (92ms, 725B)
[2026-07-01T00:01:10.269Z] GET file:///C:/Users/juanc/OneDrive/Documentos/GitHub/Do-aSol/script.js → 200 (194ms, 21253B)
[2026-07-01T00:01:55.283Z] GET file:///C:/Users/juanc/OneDrive/Documentos/GitHub/Do-aSol/index.html → 200 (?ms, 33090B)
[2026-07-01T00:01:55.292Z] GET file:///C:/Users/juanc/OneDrive/Documentos/GitHub/Do-aSol/styles.css → 200 (1ms, 41202B)
[2026-07-01T00:01:55.292Z] GET file:///C:/Users/juanc/OneDrive/Documentos/GitHub/Do-aSol/Fotos%20Dona%20sol/Logo.JPG → 200 (2ms, 13773B)
[2026-07-01T00:01:55.292Z] GET file:///C:/Users/juanc/OneDrive/Documentos/GitHub/Do-aSol/Fotos%20Dona%20sol/Multiuso.JPG → 200 (3ms, 38878B)
[2026-07-01T00:01:55.292Z] GET file:///C:/Users/juanc/OneDrive/Documentos/GitHub/Do-aSol/Fotos%20Dona%20sol/Limpiavidrios.JPG → 200 (3ms, 22909B)
[2026-07-01T00:01:55.292Z] GET file:///C:/Users/juanc/OneDrive/Documentos/GitHub/Do-aSol/Fotos%20Dona%20sol/Lavandina.JPG → 200 (3ms, 39733B)
[2026-07-01T00:01:55.292Z] GET file:///C:/Users/juanc/OneDrive/Documentos/GitHub/Do-aSol/Fotos%20Dona%20sol/Limpiador%20liquidp.jpg → 200 (3ms, 78937B)
[2026-07-01T00:01:55.292Z] GET file:///C:/Users/juanc/OneDrive/Documentos/GitHub/Do-aSol/Fotos%20Dona%20sol/Cremoso.JPG → 200 (3ms, 22530B)
[2026-07-01T00:01:55.292Z] GET file:///C:/Users/juanc/OneDrive/Documentos/GitHub/Do-aSol/Fotos%20Dona%20sol/Alcoholengel.JPG → 200 (3ms, 21906B)
[2026-07-01T00:01:55.292Z] GET file:///C:/Users/juanc/OneDrive/Documentos/GitHub/Do-aSol/Fotos%20Dona%20sol/Desodorante.JPG → 200 (4ms, 29502B)
[2026-07-01T00:01:55.292Z] GET file:///C:/Users/juanc/OneDrive/Documentos/GitHub/Do-aSol/Fotos%20Dona%20sol/Jabon_para_manos-removebg-preview.png → 200 (5ms, 101931B)
[2026-07-01T00:01:55.292Z] GET file:///C:/Users/juanc/OneDrive/Documentos/GitHub/Do-aSol/Fotos%20Dona%20sol/Jabon%20Liquido.JPG → 200 (6ms, 38726B)
[2026-07-01T00:01:55.292Z] GET file:///C:/Users/juanc/OneDrive/Documentos/GitHub/Do-aSol/Fotos%20Dona%20sol/suavizante.jpg → 200 (7ms, 92901B)
[2026-07-01T00:01:55.292Z] GET file:///C:/Users/juanc/OneDrive/Documentos/GitHub/Do-aSol/Fotos%20Dona%20sol/Ideal.JPG → 200 (8ms, 31414B)
[2026-07-01T00:01:55.292Z] GET file:///C:/Users/juanc/OneDrive/Documentos/GitHub/Do-aSol/Fotos%20Dona%20sol/Cera.JPG → 200 (8ms, 26687B)
[2026-07-01T00:01:55.292Z] GET file:///C:/Users/juanc/OneDrive/Documentos/GitHub/Do-aSol/Fotos%20Dona%20sol/Desengrasante.JPG → 200 (13ms, 31909B)
[2026-07-01T00:01:55.293Z] GET file:///C:/Users/juanc/OneDrive/Documentos/GitHub/Do-aSol/Fotos%20Dona%20sol/Alcohol.JPG → 200 (12ms, 20887B)
[2026-07-01T00:01:55.293Z] GET file:///C:/Users/juanc/OneDrive/Documentos/GitHub/Do-aSol/Fotos%20Dona%20sol/Soda.JPG → 200 (12ms, 30741B)
[2026-07-01T00:01:55.293Z] GET file:///C:/Users/juanc/OneDrive/Documentos/GitHub/Do-aSol/Fotos%20Dona%20sol/Hipoclorito.JPG → 200 (12ms, 31183B)
[2026-07-01T00:01:55.293Z] GET file:///C:/Users/juanc/OneDrive/Documentos/GitHub/Do-aSol/Fotos%20Dona%20sol/Perfumador.JPG → 200 (13ms, 22635B)
[2026-07-01T00:01:55.293Z] GET file:///C:/Users/juanc/OneDrive/Documentos/GitHub/Do-aSol/Fotos%20Dona%20sol/Emulsion_Neumaticos-removebg-preview.png → 200 (13ms, 90432B)
[2026-07-01T00:01:55.293Z] GET file:///C:/Users/juanc/OneDrive/Documentos/GitHub/Do-aSol/Fotos%20Dona%20sol/Emulsion_plasticos-removebg-preview.png → 200 (13ms, 85633B)
[2026-07-01T00:01:55.293Z] GET file:///C:/Users/juanc/OneDrive/Documentos/GitHub/Do-aSol/Fotos%20Dona%20sol/Mulcit-removebg-preview.png → 200 (13ms, 89533B)
[2026-07-01T00:01:55.293Z] GET file:///C:/Users/juanc/OneDrive/Documentos/GitHub/Do-aSol/Fotos%20Dona%20sol/Esencia.jpg → 200 (14ms, 16804B)
[2026-07-01T00:01:55.293Z] GET file:///C:/Users/juanc/OneDrive/Documentos/GitHub/Do-aSol/Fotos%20Dona%20sol/Rejillas.JPG → 200 (14ms, 50707B)
[2026-07-01T00:01:55.293Z] GET file:///C:/Users/juanc/OneDrive/Documentos/GitHub/Do-aSol/Fotos%20Dona%20sol/Pa%C3%B1os%20de%20piso.JPG → 200 (14ms, 41857B)
[2026-07-01T00:01:55.293Z] GET file:///C:/Users/juanc/OneDrive/Documentos/GitHub/Do-aSol/Fotos%20Dona%20sol/Franelas.JPG → 200 (14ms, 34033B)
[2026-07-01T00:01:55.293Z] GET file:///C:/Users/juanc/OneDrive/Documentos/GitHub/Do-aSol/Fotos%20Dona%20sol/Guantes%20Negros.jpg → 200 (15ms, 52510B)
[2026-07-01T00:01:55.293Z] GET file:///C:/Users/juanc/OneDrive/Documentos/GitHub/Do-aSol/Fotos%20Dona%20sol/Guantes%20amarillos.jpeg → 200 (15ms, 94125B)
[2026-07-01T00:01:55.293Z] GET file:///C:/Users/juanc/OneDrive/Documentos/GitHub/Do-aSol/Fotos%20Dona%20sol/Jumbo%20200.jpg → 200 (17ms, 26057B)
[2026-07-01T00:01:55.293Z] GET file:///C:/Users/juanc/OneDrive/Documentos/GitHub/Do-aSol/Fotos%20Dona%20sol/Toalla%20Intercalada%2020x23.jpg → 200 (17ms, 4271B)
[2026-07-01T00:01:55.293Z] GET file:///C:/Users/juanc/OneDrive/Documentos/GitHub/Do-aSol/Fotos%20Dona%20sol/Servilleta%20de%20Bocadillo.jpg → 200 (17ms, 22788B)
[2026-07-01T00:01:55.293Z] GET file:///C:/Users/juanc/OneDrive/Documentos/GitHub/Do-aSol/Fotos%20Dona%20sol/Rollo%20Cocina%20200%20Hojas.webp → 200 (17ms, 11721B)
[2026-07-01T00:01:55.293Z] GET file:///C:/Users/juanc/OneDrive/Documentos/GitHub/Do-aSol/Fotos%20Dona%20sol/Servilleta%20de%20Mesa%2030x29%2C5.webp → 200 (42ms, 41731B)
[2026-07-01T00:01:55.293Z] GET file:///C:/Users/juanc/OneDrive/Documentos/GitHub/Do-aSol/Fotos%20Dona%20sol/servilletaa.jpg → 200 (43ms, 6970B)
[2026-07-01T00:01:55.293Z] GET file:///C:/Users/juanc/OneDrive/Documentos/GitHub/Do-aSol/Fotos%20Dona%20sol/Pepel%20Higenico%20Doble%20Hoja.jpg → 200 (43ms, 13745B)
[2026-07-01T00:01:55.293Z] GET file:///C:/Users/juanc/OneDrive/Documentos/GitHub/Do-aSol/Fotos%20Dona%20sol/Papel%20Higenico%20Jumbo%20500.png → 200 (44ms, 473639B)
[2026-07-01T00:01:55.293Z] GET https://cdn.jsdelivr.net/npm/motion@latest/dist/motion.js → 200 (7ms, -1065B)
[2026-07-01T00:01:55.293Z] GET file:///C:/Users/juanc/OneDrive/Documentos/GitHub/Do-aSol/script.js → 200 (52ms, 21253B)
